// Jest Snapshot v1, https://goo.gl/fbAQLP

exports[`LoginPage component renderes LoginPage by default 1`] = `
<Router
  history={
    Object {
      "action": "POP",
      "block": [Function],
      "createHref": [Function],
      "go": [Function],
      "goBack": [Function],
      "goForward": [Function],
      "length": 1,
      "listen": [Function],
      "location": Object {
        "hash": "",
        "pathname": "/",
        "search": "",
        "state": undefined,
      },
      "push": [Function],
      "replace": [Function],
    }
  }
>
  <LoginPage
    history={
      Object {
        "push": [Function],
      }
    }
    location={Object {}}
  />
</Router>
`;
