// Jest Snapshot v1, https://goo.gl/fbAQLP

exports[`PrivateRoute component renderes PrivateRoute by default 1`] = `
<Route
  exact={true}
  path="/"
  render={[Function]}
/>
`;
