// Jest Snapshot v1, https://goo.gl/fbAQLP

exports[`AddBook component renderes AddBook by default 1`] = `
<Section
  className="AddBookForm"
>
  <h1>
    Add Book
  </h1>
  <form
    className="AddBook_form"
    onSubmit={[Function]}
  >
    <div
      className="Add_error"
      role="alert"
    />
    <div>
      <label
        htmlFor="title"
      >
        Title 
         
         
      </label>
      <Input
        id="title"
        name="title"
        onChange={[Function]}
        required={true}
        type="text"
        value=""
      />
    </div>
    <div>
      <label
        htmlFor="author"
      >
        Author 
         
         
      </label>
      <Input
        id="author"
        name="author"
        onChange={[Function]}
        required={true}
        type="text"
        value=""
      />
    </div>
    <div>
      <label
        htmlFor="list"
      >
        List 
         
         
      </label>
      <select
        id="list"
        name="list"
        onChange={[Function]}
        required={true}
        value="wishlist"
      >
        <option
          value="wishlist"
        >
          Wish-List
        </option>
        <option
          value="reading"
        >
          Current Reads
        </option>
        <option
          value="read"
        >
          Finished Reads
        </option>
      </select>
    </div>
    <div>
      <label
        htmlFor="book_source"
      >
        Book Source 
         
         
      </label>
      <select
        id="book_source"
        name="book_source"
        onChange={[Function]}
        required={true}
        value="Print"
      >
        <option
          value="Print"
        >
          Print
        </option>
        <option
          value="Kindle"
        >
          Kindle
        </option>
        <option
          value="Nook"
        >
          Nook
        </option>
        <option
          value="Website"
        >
          Website
        </option>
        <option
          value="Magazine"
        >
          Magazine
        </option>
        <option
          value="Journel"
        >
          Journel
        </option>
        <option
          value="Audiobook"
        >
          Audiobook
        </option>
        <option
          value="Other eBook Source"
        >
          Other eBook Source
        </option>
        <option
          value="Other"
        >
          Other
        </option>
      </select>
    </div>
    <div>
      <label
        htmlFor="writing_form"
      >
        Writing Form 
         
         
      </label>
      <select
        id="writing_form"
        name="writing_form"
        onChange={[Function]}
        required={true}
        value="fiction"
      >
        <option
          value="fiction"
        >
          Fiction
        </option>
        <option
          value="nonfiction"
        >
          Non-Fiction
        </option>
      </select>
    </div>
    <div>
      <label
        htmlFor="fgenre"
      >
        Fiction Genres:
         
         
         
      </label>
      <select
        id="fgenre"
        name="fgenre"
        onChange={[Function]}
        required={true}
        value="Action and Adventure"
      >
        <option
          value="Action and Adventure"
        >
          Action and Adventure
        </option>
        <option
          value="Alternate history"
        >
          Alternate history
        </option>
        <option
          value="Anthology"
        >
          Anthology
        </option>
        <option
          value="Childrens book"
        >
          Childrens book
        </option>
        <option
          value="Comic book"
        >
          Comic book
        </option>
        <option
          value="Coming-of-age"
        >
          Coming-of-age
        </option>
        <option
          value="Crime"
        >
          Crime
        </option>
        <option
          value="Drama"
        >
          Drama
        </option>
        <option
          value="Fairytale"
        >
          Fairytale
        </option>
        <option
          value="Fantasy"
        >
          Fantasy
        </option>
        <option
          value="Graphic novel"
        >
          Graphic novel
        </option>
        <option
          value="Historical fiction"
        >
          Historical fiction
        </option>
        <option
          value="Horror"
        >
          Horror
        </option>
        <option
          value="Mystery"
        >
          Mystery
        </option>
        <option
          value="Paranormal romance"
        >
          Paranormal romance
        </option>
        <option
          value="Picture book"
        >
          Picture book
        </option>
        <option
          value="Poetry"
        >
          Poetry
        </option>
        <option
          value="Political thriller"
        >
          Political thriller
        </option>
        <option
          value="Romance"
        >
          Romance
        </option>
        <option
          value="Satire"
        >
          Satire
        </option>
        <option
          value="Science fiction"
        >
          Science fiction
        </option>
        <option
          value="Short story"
        >
          Short story
        </option>
        <option
          value="Suspense"
        >
          Suspense
        </option>
        <option
          value="Thriller"
        >
          Thriller
        </option>
        <option
          value="Young adult"
        >
          Young adult
        </option>
      </select>
    </div>
    <div>
      <label
        htmlFor="image"
      >
        Image Link (must have 'https://') 
         
         
      </label>
      <Input
        id="image"
        name="image"
        onChange={[Function]}
        type="url"
        value=""
      />
    </div>
    <div
      className="AddBook__buttons"
    >
      <Button
        type="submit"
      >
        Add
      </Button>
       
      <Button
        onClick={[Function]}
        type="button"
      >
        Cancel
      </Button>
    </div>
  </form>
</Section>
`;
